Fitter Finalize Stage Report for bts_xcvr
Tue Oct 28 13:04:36 2025
Quartus Prime Version 24.2.0 Build 40 06/27/2024 SC Pro Edition


---------------------
; Table of Contents ;
---------------------
  1. Legal Notice
  2. Routing Usage Summary
  3. Finalize Messages



----------------
; Legal Notice ;
----------------
Copyright (C) 2024  Intel Corporation. All rights reserved.
Your use of Intel Corporation's design tools, logic functions 
and other software and tools, and any partner logic 
functions, and any output files from any of the foregoing 
(including device programming or simulation files), and any 
associated documentation or information are expressly subject 
to the terms and conditions of the Intel Program License 
Subscription Agreement, the Intel Quartus Prime License Agreement,
the Intel FPGA IP License Agreement, or other applicable license
agreement, including, without limitation, that your use is for
the sole purpose of programming logic devices manufactured by
Intel and sold by Intel or its authorized distributors.  Please
refer to the Intel FPGA Software License Subscription Agreements 
on the Quartus Prime software download page.



+--------------------------------------------------------------+
; Routing Usage Summary                                        ;
+-----------------------------+--------------------------------+
; Routing Resource Type       ; Usage                          ;
+-----------------------------+--------------------------------+
; Block Input Mux Wrapbacks   ; 811 / 1,446,480 ( < 1 % )      ;
; Block Input Muxes           ; 308,517 / 15,842,400 ( 2 % )   ;
; Block interconnects         ; 215,592 / 18,577,920 ( 1 % )   ;
; C1 interconnects            ; 96,145 / 7,760,640 ( 1 % )     ;
; C4 interconnects            ; 59,909 / 7,399,680 ( < 1 % )   ;
; C8 interconnects            ; 2,238 / 739,968 ( < 1 % )      ;
; DCM_muxes                   ; 62 / 1,504 ( 4 % )             ;
; DELAY_CHAINs                ; 0 / 47,792 ( 0 % )             ;
; Direct links                ; 36,250 / 18,577,920 ( < 1 % )  ;
; HIO Buffers                 ; 2,424 / 110,208 ( 2 % )        ;
; Programmable Invert Buffers ; 0 / 560 ( 0 % )                ;
; Programmable Invert Inputs  ; 13,780 / 1,384,800 ( < 1 % )   ;
; Programmable Inverts        ; 13,780 / 1,384,800 ( < 1 % )   ;
; R0 interconnects            ; 126,324 / 12,949,440 ( < 1 % ) ;
; R1 interconnects            ; 73,793 / 7,399,680 ( < 1 % )   ;
; R12 interconnects           ; 2,072 / 1,109,952 ( < 1 % )    ;
; R2 interconnects            ; 29,654 / 3,709,680 ( < 1 % )   ;
; R4 interconnects            ; 20,129 / 3,729,360 ( < 1 % )   ;
; R6 interconnects            ; 36,108 / 3,739,200 ( < 1 % )   ;
; Redundancy Muxes            ; 6,559 / 218,448 ( 3 % )        ;
; Row Clock Tap-Offs          ; 6,978 / 1,109,952 ( < 1 % )    ;
; Switchbox_clock_muxes       ; 741 / 33,280 ( 2 % )           ;
; VIO Buffers                 ; 7 / 22,400 ( < 1 % )           ;
; Vertical_seam_tap_muxes     ; 613 / 18,432 ( 3 % )           ;
+-----------------------------+--------------------------------+


+-------------------+
; Finalize Messages ;
+-------------------+
Info (20030): Parallel compilation is enabled and will use 10 of the 10 processors detected
Info: *******************************************************************
Info: Running Quartus Prime Fitter
    Info: Version 24.2.0 Build 40 06/27/2024 SC Pro Edition
    Info: Processing started: Tue Oct 28 12:46:39 2025
    Info: System process ID: 1268
Info: Command: quartus_fit --read_settings_files=on --write_settings_files=off bts_xcvr -c bts_xcvr
Info: qfit2_default_script.tcl version: #1
Info: Project  = bts_xcvr
Info: Revision = bts_xcvr
Info (21077): Low junction temperature is 0 degrees C
Info (21077): High junction temperature is 100 degrees C
Info (18258): Fitter Physical Synthesis operations beginning
Info (18259): Fitter Physical Synthesis operations ending: elapsed time is 00:00:04
Info (16557): Fitter post-fit operations ending: elapsed time is 00:01:49


