Flow report for bts_xcvr
Tue Oct 28 13:06:46 2025
Quartus Prime Version 24.2.0 Build 40 06/27/2024 SC Pro Edition


---------------------
; Table of Contents ;
---------------------
  1. Flow Summary
  2. Flow Settings
  3. Flow Non-Default Global Settings
  4. Flow Elapsed Time
  5. Flow OS Summary
  6. Flow Log
  7. Legal Notice



+-----------------------------------------------------------------------------+
; Flow Summary                                                                ;
+---------------------------------+-------------------------------------------+
; Flow Status                     ; Successful - Tue Oct 28 13:06:46 2025     ;
; Quartus Prime Version           ; 24.2.0 Build 40 06/27/2024 SC Pro Edition ;
; Revision Name                   ; bts_xcvr                                  ;
; Top-level Entity Name           ; bts_xcvr                                  ;
; Family                          ; Agilex 7                                  ;
; Device                          ; AGIC040R39A2E2VR0                         ;
; Timing Models                   ; Preliminary                               ;
; Power Models                    ; Preliminary                               ;
; Device Status                   ; Preliminary                               ;
; Logic utilization (in ALMs)     ; 43,813 / 1,372,000 ( 3 % )                ;
; Total dedicated logic registers ; 64424                                     ;
; Total pins                      ; 63 / 1,200 ( 5 % )                        ;
; Total block memory bits         ; 507,200 / 407,715,840 ( < 1 % )           ;
; Total RAM Blocks                ; 35 / 19,908 ( < 1 % )                     ;
; Total DSP Blocks                ; 0 / 12,792 ( 0 % )                        ;
; Total eSRAMs                    ; 0 / 3 ( 0 % )                             ;
; Total PLLs                      ; 1 / 18 ( 6 % )                            ;
; Total FMICA_CORE                ; 0 / 4 ( 0 % )                             ;
+---------------------------------+-------------------------------------------+


+-----------------------------------------+
; Flow Settings                           ;
+-------------------+---------------------+
; Option            ; Setting             ;
+-------------------+---------------------+
; Start date & time ; 10/28/2025 12:43:19 ;
; Main task         ; Compilation         ;
; Revision Name     ; bts_xcvr            ;
+-------------------+---------------------+


+-------------------------------------------------------------------------------------------------------------------------------------------------------------------------------------------------------------------------------------------------------------------------+
; Flow Non-Default Global Settings                                                                                                                                                                                                                                        ;
+----------------------------+-------------------------------------------------------------------------------------------------------------------------------------------------------------------------------------------------+---------------+-------------+------------+
; Assignment Name            ; Value                                                                                                                                                                                           ; Default Value ; Entity Name ; Section Id ;
+----------------------------+-------------------------------------------------------------------------------------------------------------------------------------------------------------------------------------------------+---------------+-------------+------------+
; COMPILER_SIGNATURE_ID      ; 91763452161.176166979913836                                                                                                                                                                     ; --            ; --          ; --         ;
; IP_SEARCH_PATHS            ; ip/intel_avalon_data_pattern_generator/**/*; ip/intel_avalon_data_pattern_checker/**/*; ip/xcvr_st_converter/**/*; ip/xcvr_conduit_ctrl/**/*; ip/freq_counter/**/*; ip/product_information/**/* ; --            ; --          ; --         ;
; MAX_CORE_JUNCTION_TEMP     ; 100                                                                                                                                                                                             ; --            ; --          ; --         ;
; MIN_CORE_JUNCTION_TEMP     ; 0                                                                                                                                                                                               ; --            ; --          ; --         ;
; MISC_FILE                  ; C:/Users/Haas1S/Downloads/agilex_xcvr/qsfp_xcvr_012_custom_25650.6/dni/sandboxes/WinLabFPGADesktop_13836_0/sld/ipgen/alt_sld_fab_0/alt_sld_fab_0.cmp                                            ; --            ; --          ; --         ;
; MISC_FILE                  ; C:/Users/Haas1S/Downloads/agilex_xcvr/qsfp_xcvr_012_custom_25650.6/dni/sandboxes/WinLabFPGADesktop_13836_0/sld/ipgen/alt_sld_fab_0.ip                                                           ; --            ; --          ; --         ;
; MISC_FILE                  ; C:/Users/Haas1S/Downloads/agilex_xcvr/qsfp_xcvr_012_custom_25650.6/ftile_xcvr_test/ftile_xcvr_test.cmp                                                                                          ; --            ; --          ; --         ;
; MISC_FILE                  ; C:/Users/Haas1S/Downloads/agilex_xcvr/qsfp_xcvr_012_custom_25650.6/ftile_xcvr_test.qsys                                                                                                         ; --            ; --          ; --         ;
; MISC_FILE                  ; C:/Users/Haas1S/Downloads/agilex_xcvr/qsfp_xcvr_012_custom_25650.6/ip/ftile_xcvr_test/ftile_xcvr_test_clk_100_0/ftile_xcvr_test_clk_100_0.cmp                                                   ; --            ; --          ; --         ;
; MISC_FILE                  ; C:/Users/Haas1S/Downloads/agilex_xcvr/qsfp_xcvr_012_custom_25650.6/ip/ftile_xcvr_test/ftile_xcvr_test_clk_100_0.ip                                                                              ; --            ; --          ; --         ;
; MISC_FILE                  ; C:/Users/Haas1S/Downloads/agilex_xcvr/qsfp_xcvr_012_custom_25650.6/ip/ftile_xcvr_test/ftile_xcvr_test_clk_50_0/ftile_xcvr_test_clk_50_0.cmp                                                     ; --            ; --          ; --         ;
; MISC_FILE                  ; C:/Users/Haas1S/Downloads/agilex_xcvr/qsfp_xcvr_012_custom_25650.6/ip/ftile_xcvr_test/ftile_xcvr_test_clk_50_0.ip                                                                               ; --            ; --          ; --         ;
; MISC_FILE                  ; C:/Users/Haas1S/Downloads/agilex_xcvr/qsfp_xcvr_012_custom_25650.6/ip/ftile_xcvr_test/ftile_xcvr_test_directphy_f_0/ftile_xcvr_test_directphy_f_0.cmp                                           ; --            ; --          ; --         ;
; MISC_FILE                  ; C:/Users/Haas1S/Downloads/agilex_xcvr/qsfp_xcvr_012_custom_25650.6/ip/ftile_xcvr_test/ftile_xcvr_test_directphy_f_0.ip                                                                          ; --            ; --          ; --         ;
; MISC_FILE                  ; C:/Users/Haas1S/Downloads/agilex_xcvr/qsfp_xcvr_012_custom_25650.6/ip/ftile_xcvr_test/ftile_xcvr_test_freq_counter_0/ftile_xcvr_test_freq_counter_0.cmp                                         ; --            ; --          ; --         ;
; MISC_FILE                  ; C:/Users/Haas1S/Downloads/agilex_xcvr/qsfp_xcvr_012_custom_25650.6/ip/ftile_xcvr_test/ftile_xcvr_test_freq_counter_0.ip                                                                         ; --            ; --          ; --         ;
; MISC_FILE                  ; C:/Users/Haas1S/Downloads/agilex_xcvr/qsfp_xcvr_012_custom_25650.6/ip/ftile_xcvr_test/ftile_xcvr_test_mm_bridge_0/ftile_xcvr_test_mm_bridge_0.cmp                                               ; --            ; --          ; --         ;
; MISC_FILE                  ; C:/Users/Haas1S/Downloads/agilex_xcvr/qsfp_xcvr_012_custom_25650.6/ip/ftile_xcvr_test/ftile_xcvr_test_mm_bridge_0.ip                                                                            ; --            ; --          ; --         ;
; MISC_FILE                  ; C:/Users/Haas1S/Downloads/agilex_xcvr/qsfp_xcvr_012_custom_25650.6/ip/ftile_xcvr_test/ftile_xcvr_test_xcvr_conduit_ctrl_0/ftile_xcvr_test_xcvr_conduit_ctrl_0.cmp                               ; --            ; --          ; --         ;
; MISC_FILE                  ; C:/Users/Haas1S/Downloads/agilex_xcvr/qsfp_xcvr_012_custom_25650.6/ip/ftile_xcvr_test/ftile_xcvr_test_xcvr_conduit_ctrl_0.ip                                                                    ; --            ; --          ; --         ;
; MISC_FILE                  ; C:/Users/Haas1S/Downloads/agilex_xcvr/qsfp_xcvr_012_custom_25650.6/ip/ftile_xcvr_test/ftile_xcvr_test_xcvr_st_converter_0/ftile_xcvr_test_xcvr_st_converter_0.cmp                               ; --            ; --          ; --         ;
; MISC_FILE                  ; C:/Users/Haas1S/Downloads/agilex_xcvr/qsfp_xcvr_012_custom_25650.6/ip/ftile_xcvr_test/ftile_xcvr_test_xcvr_st_converter_0.ip                                                                    ; --            ; --          ; --         ;
; MISC_FILE                  ; C:/Users/Haas1S/Downloads/agilex_xcvr/qsfp_xcvr_012_custom_25650.6/ip/iopll/iopll.cmp                                                                                                           ; --            ; --          ; --         ;
; MISC_FILE                  ; C:/Users/Haas1S/Downloads/agilex_xcvr/qsfp_xcvr_012_custom_25650.6/ip/iopll.ip                                                                                                                  ; --            ; --          ; --         ;
; MISC_FILE                  ; C:/Users/Haas1S/Downloads/agilex_xcvr/qsfp_xcvr_012_custom_25650.6/ip/q_sys/q_sys_clk_100/q_sys_clk_100.cmp                                                                                     ; --            ; --          ; --         ;
; MISC_FILE                  ; C:/Users/Haas1S/Downloads/agilex_xcvr/qsfp_xcvr_012_custom_25650.6/ip/q_sys/q_sys_clk_100.ip                                                                                                    ; --            ; --          ; --         ;
; MISC_FILE                  ; C:/Users/Haas1S/Downloads/agilex_xcvr/qsfp_xcvr_012_custom_25650.6/ip/q_sys/q_sys_clk_50/q_sys_clk_50.cmp                                                                                       ; --            ; --          ; --         ;
; MISC_FILE                  ; C:/Users/Haas1S/Downloads/agilex_xcvr/qsfp_xcvr_012_custom_25650.6/ip/q_sys/q_sys_clk_50.ip                                                                                                     ; --            ; --          ; --         ;
; MISC_FILE                  ; C:/Users/Haas1S/Downloads/agilex_xcvr/qsfp_xcvr_012_custom_25650.6/ip/q_sys/q_sys_master_0/q_sys_master_0.cmp                                                                                   ; --            ; --          ; --         ;
; MISC_FILE                  ; C:/Users/Haas1S/Downloads/agilex_xcvr/qsfp_xcvr_012_custom_25650.6/ip/q_sys/q_sys_master_0.ip                                                                                                   ; --            ; --          ; --         ;
; MISC_FILE                  ; C:/Users/Haas1S/Downloads/agilex_xcvr/qsfp_xcvr_012_custom_25650.6/ip/q_sys/q_sys_product_info_0/q_sys_product_info_0.cmp                                                                       ; --            ; --          ; --         ;
; MISC_FILE                  ; C:/Users/Haas1S/Downloads/agilex_xcvr/qsfp_xcvr_012_custom_25650.6/ip/q_sys/q_sys_product_info_0.ip                                                                                             ; --            ; --          ; --         ;
; MISC_FILE                  ; C:/Users/Haas1S/Downloads/agilex_xcvr/qsfp_xcvr_012_custom_25650.6/ip/q_sys/q_sys_systemclk_f_0/q_sys_systemclk_f_0.cmp                                                                         ; --            ; --          ; --         ;
; MISC_FILE                  ; C:/Users/Haas1S/Downloads/agilex_xcvr/qsfp_xcvr_012_custom_25650.6/ip/q_sys/q_sys_systemclk_f_0.ip                                                                                              ; --            ; --          ; --         ;
; MISC_FILE                  ; C:/Users/Haas1S/Downloads/agilex_xcvr/qsfp_xcvr_012_custom_25650.6/ip/q_sys/q_sys_systemclk_f_1/q_sys_systemclk_f_1.cmp                                                                         ; --            ; --          ; --         ;
; MISC_FILE                  ; C:/Users/Haas1S/Downloads/agilex_xcvr/qsfp_xcvr_012_custom_25650.6/ip/q_sys/q_sys_systemclk_f_1.ip                                                                                              ; --            ; --          ; --         ;
; MISC_FILE                  ; C:/Users/Haas1S/Downloads/agilex_xcvr/qsfp_xcvr_012_custom_25650.6/ip/q_sys/q_sys_systemclk_f_3/q_sys_systemclk_f_3.cmp                                                                         ; --            ; --          ; --         ;
; MISC_FILE                  ; C:/Users/Haas1S/Downloads/agilex_xcvr/qsfp_xcvr_012_custom_25650.6/ip/q_sys/q_sys_systemclk_f_3.ip                                                                                              ; --            ; --          ; --         ;
; MISC_FILE                  ; C:/Users/Haas1S/Downloads/agilex_xcvr/qsfp_xcvr_012_custom_25650.6/ip/reset_release/reset_release.cmp                                                                                           ; --            ; --          ; --         ;
; MISC_FILE                  ; C:/Users/Haas1S/Downloads/agilex_xcvr/qsfp_xcvr_012_custom_25650.6/ip/reset_release.ip                                                                                                          ; --            ; --          ; --         ;
; MISC_FILE                  ; C:/Users/Haas1S/Downloads/agilex_xcvr/qsfp_xcvr_012_custom_25650.6/ip/xcvr_test_system/xcvr_test_system_clk_50/xcvr_test_system_clk_50.cmp                                                      ; --            ; --          ; --         ;
; MISC_FILE                  ; C:/Users/Haas1S/Downloads/agilex_xcvr/qsfp_xcvr_012_custom_25650.6/ip/xcvr_test_system/xcvr_test_system_clk_50.ip                                                                               ; --            ; --          ; --         ;
; MISC_FILE                  ; C:/Users/Haas1S/Downloads/agilex_xcvr/qsfp_xcvr_012_custom_25650.6/ip/xcvr_test_system/xcvr_test_system_data_pattern_checker_0/xcvr_test_system_data_pattern_checker_0.cmp                      ; --            ; --          ; --         ;
; MISC_FILE                  ; C:/Users/Haas1S/Downloads/agilex_xcvr/qsfp_xcvr_012_custom_25650.6/ip/xcvr_test_system/xcvr_test_system_data_pattern_checker_0.ip                                                               ; --            ; --          ; --         ;
; MISC_FILE                  ; C:/Users/Haas1S/Downloads/agilex_xcvr/qsfp_xcvr_012_custom_25650.6/ip/xcvr_test_system/xcvr_test_system_data_pattern_generator_0/xcvr_test_system_data_pattern_generator_0.cmp                  ; --            ; --          ; --         ;
; MISC_FILE                  ; C:/Users/Haas1S/Downloads/agilex_xcvr/qsfp_xcvr_012_custom_25650.6/ip/xcvr_test_system/xcvr_test_system_data_pattern_generator_0.ip                                                             ; --            ; --          ; --         ;
; MISC_FILE                  ; C:/Users/Haas1S/Downloads/agilex_xcvr/qsfp_xcvr_012_custom_25650.6/ip/xcvr_test_system/xcvr_test_system_mm_bridge_0/xcvr_test_system_mm_bridge_0.cmp                                            ; --            ; --          ; --         ;
; MISC_FILE                  ; C:/Users/Haas1S/Downloads/agilex_xcvr/qsfp_xcvr_012_custom_25650.6/ip/xcvr_test_system/xcvr_test_system_mm_bridge_0.ip                                                                          ; --            ; --          ; --         ;
; MISC_FILE                  ; C:/Users/Haas1S/Downloads/agilex_xcvr/qsfp_xcvr_012_custom_25650.6/q_sys/q_sys.cmp                                                                                                              ; --            ; --          ; --         ;
; MISC_FILE                  ; C:/Users/Haas1S/Downloads/agilex_xcvr/qsfp_xcvr_012_custom_25650.6/q_sys.qsys                                                                                                                   ; --            ; --          ; --         ;
; MISC_FILE                  ; C:/Users/Haas1S/Downloads/agilex_xcvr/qsfp_xcvr_012_custom_25650.6/xcvr_test_system/xcvr_test_system.cmp                                                                                        ; --            ; --          ; --         ;
; MISC_FILE                  ; C:/Users/Haas1S/Downloads/agilex_xcvr/qsfp_xcvr_012_custom_25650.6/xcvr_test_system.qsys                                                                                                        ; --            ; --          ; --         ;
; PROJECT_OUTPUT_DIRECTORY   ; C:/Users/Haas1S/Downloads/agilex_xcvr/qsfp_xcvr_012_custom_25650.6/output_files                                                                                                                 ; --            ; --          ; --         ;
; SECONDARY_TOP_LEVEL_ENTITY ; bts_xcvr_auto_tiles                                                                                                                                                                             ; --            ; --          ; --         ;
; SOPCINFO_FILE              ; C:/Users/Haas1S/Downloads/agilex_xcvr/qsfp_xcvr_012_custom_25650.6/dni/sandboxes/WinLabFPGADesktop_13836_0/sld/ipgen/alt_sld_fab_0/alt_sld_fab_0.sopcinfo                                       ; --            ; --          ; --         ;
; SOPCINFO_FILE              ; C:/Users/Haas1S/Downloads/agilex_xcvr/qsfp_xcvr_012_custom_25650.6/ftile_xcvr_test/ftile_xcvr_test.sopcinfo                                                                                     ; --            ; --          ; --         ;
; SOPCINFO_FILE              ; C:/Users/Haas1S/Downloads/agilex_xcvr/qsfp_xcvr_012_custom_25650.6/ip/ftile_xcvr_test/ftile_xcvr_test_clk_100_0/ftile_xcvr_test_clk_100_0.sopcinfo                                              ; --            ; --          ; --         ;
; SOPCINFO_FILE              ; C:/Users/Haas1S/Downloads/agilex_xcvr/qsfp_xcvr_012_custom_25650.6/ip/ftile_xcvr_test/ftile_xcvr_test_clk_50_0/ftile_xcvr_test_clk_50_0.sopcinfo                                                ; --            ; --          ; --         ;
; SOPCINFO_FILE              ; C:/Users/Haas1S/Downloads/agilex_xcvr/qsfp_xcvr_012_custom_25650.6/ip/ftile_xcvr_test/ftile_xcvr_test_directphy_f_0/ftile_xcvr_test_directphy_f_0.sopcinfo                                      ; --            ; --          ; --         ;
; SOPCINFO_FILE              ; C:/Users/Haas1S/Downloads/agilex_xcvr/qsfp_xcvr_012_custom_25650.6/ip/ftile_xcvr_test/ftile_xcvr_test_freq_counter_0/ftile_xcvr_test_freq_counter_0.sopcinfo                                    ; --            ; --          ; --         ;
; SOPCINFO_FILE              ; C:/Users/Haas1S/Downloads/agilex_xcvr/qsfp_xcvr_012_custom_25650.6/ip/ftile_xcvr_test/ftile_xcvr_test_mm_bridge_0/ftile_xcvr_test_mm_bridge_0.sopcinfo                                          ; --            ; --          ; --         ;
; SOPCINFO_FILE              ; C:/Users/Haas1S/Downloads/agilex_xcvr/qsfp_xcvr_012_custom_25650.6/ip/ftile_xcvr_test/ftile_xcvr_test_xcvr_conduit_ctrl_0/ftile_xcvr_test_xcvr_conduit_ctrl_0.sopcinfo                          ; --            ; --          ; --         ;
; SOPCINFO_FILE              ; C:/Users/Haas1S/Downloads/agilex_xcvr/qsfp_xcvr_012_custom_25650.6/ip/ftile_xcvr_test/ftile_xcvr_test_xcvr_st_converter_0/ftile_xcvr_test_xcvr_st_converter_0.sopcinfo                          ; --            ; --          ; --         ;
; SOPCINFO_FILE              ; C:/Users/Haas1S/Downloads/agilex_xcvr/qsfp_xcvr_012_custom_25650.6/ip/iopll/iopll.sopcinfo                                                                                                      ; --            ; --          ; --         ;
; SOPCINFO_FILE              ; C:/Users/Haas1S/Downloads/agilex_xcvr/qsfp_xcvr_012_custom_25650.6/ip/q_sys/q_sys_clk_100/q_sys_clk_100.sopcinfo                                                                                ; --            ; --          ; --         ;
; SOPCINFO_FILE              ; C:/Users/Haas1S/Downloads/agilex_xcvr/qsfp_xcvr_012_custom_25650.6/ip/q_sys/q_sys_clk_50/q_sys_clk_50.sopcinfo                                                                                  ; --            ; --          ; --         ;
; SOPCINFO_FILE              ; C:/Users/Haas1S/Downloads/agilex_xcvr/qsfp_xcvr_012_custom_25650.6/ip/q_sys/q_sys_master_0/q_sys_master_0.sopcinfo                                                                              ; --            ; --          ; --         ;
; SOPCINFO_FILE              ; C:/Users/Haas1S/Downloads/agilex_xcvr/qsfp_xcvr_012_custom_25650.6/ip/q_sys/q_sys_product_info_0/q_sys_product_info_0.sopcinfo                                                                  ; --            ; --          ; --         ;
; SOPCINFO_FILE              ; C:/Users/Haas1S/Downloads/agilex_xcvr/qsfp_xcvr_012_custom_25650.6/ip/q_sys/q_sys_systemclk_f_0/q_sys_systemclk_f_0.sopcinfo                                                                    ; --            ; --          ; --         ;
; SOPCINFO_FILE              ; C:/Users/Haas1S/Downloads/agilex_xcvr/qsfp_xcvr_012_custom_25650.6/ip/q_sys/q_sys_systemclk_f_1/q_sys_systemclk_f_1.sopcinfo                                                                    ; --            ; --          ; --         ;
; SOPCINFO_FILE              ; C:/Users/Haas1S/Downloads/agilex_xcvr/qsfp_xcvr_012_custom_25650.6/ip/q_sys/q_sys_systemclk_f_3/q_sys_systemclk_f_3.sopcinfo                                                                    ; --            ; --          ; --         ;
; SOPCINFO_FILE              ; C:/Users/Haas1S/Downloads/agilex_xcvr/qsfp_xcvr_012_custom_25650.6/ip/reset_release/reset_release.sopcinfo                                                                                      ; --            ; --          ; --         ;
; SOPCINFO_FILE              ; C:/Users/Haas1S/Downloads/agilex_xcvr/qsfp_xcvr_012_custom_25650.6/ip/xcvr_test_system/xcvr_test_system_clk_50/xcvr_test_system_clk_50.sopcinfo                                                 ; --            ; --          ; --         ;
; SOPCINFO_FILE              ; C:/Users/Haas1S/Downloads/agilex_xcvr/qsfp_xcvr_012_custom_25650.6/ip/xcvr_test_system/xcvr_test_system_data_pattern_checker_0/xcvr_test_system_data_pattern_checker_0.sopcinfo                 ; --            ; --          ; --         ;
; SOPCINFO_FILE              ; C:/Users/Haas1S/Downloads/agilex_xcvr/qsfp_xcvr_012_custom_25650.6/ip/xcvr_test_system/xcvr_test_system_data_pattern_generator_0/xcvr_test_system_data_pattern_generator_0.sopcinfo             ; --            ; --          ; --         ;
; SOPCINFO_FILE              ; C:/Users/Haas1S/Downloads/agilex_xcvr/qsfp_xcvr_012_custom_25650.6/ip/xcvr_test_system/xcvr_test_system_mm_bridge_0/xcvr_test_system_mm_bridge_0.sopcinfo                                       ; --            ; --          ; --         ;
; SOPCINFO_FILE              ; C:/Users/Haas1S/Downloads/agilex_xcvr/qsfp_xcvr_012_custom_25650.6/q_sys/q_sys.sopcinfo                                                                                                         ; --            ; --          ; --         ;
; SOPCINFO_FILE              ; C:/Users/Haas1S/Downloads/agilex_xcvr/qsfp_xcvr_012_custom_25650.6/xcvr_test_system/xcvr_test_system.sopcinfo                                                                                   ; --            ; --          ; --         ;
; SPD_FILE                   ; C:/Users/Haas1S/Downloads/agilex_xcvr/qsfp_xcvr_012_custom_25650.6/support_logic/bts_xcvr_auto_tiles.spd                                                                                        ; --            ; --          ; --         ;
+----------------------------+-------------------------------------------------------------------------------------------------------------------------------------------------------------------------------------------------+---------------+-------------+------------+


+------------------------------------------------------+
; Flow Elapsed Time                                    ;
+-----------------+--------------+---------------------+
; Module Name     ; Elapsed Time ; Peak Virtual Memory ;
+-----------------+--------------+---------------------+
; Synthesis       ; 00:03:19     ; 2905 MB             ;
; Fitter          ; 00:18:05     ; 22447 MB            ;
; Timing Analyzer ; 00:00:28     ; 4139 MB             ;
; Assembler       ; 00:01:24     ; 5718 MB             ;
; Total           ; 00:23:16     ; --                  ;
+-----------------+--------------+---------------------+


+--------------------------------------------------------------------------------+
; Flow OS Summary                                                                ;
+-----------------+-------------------+------------+------------+----------------+
; Module Name     ; Machine Hostname  ; OS Name    ; OS Version ; Processor type ;
+-----------------+-------------------+------------+------------+----------------+
; Synthesis       ; WinLabFPGADesktop ; Windows 10 ; 10.0.19045 ; x86_64         ;
; Fitter          ; WinLabFPGADesktop ; Windows 10 ; 10.0.19045 ; x86_64         ;
; Timing Analyzer ; WinLabFPGADesktop ; Windows 10 ; 10.0.19045 ; x86_64         ;
; Assembler       ; WinLabFPGADesktop ; Windows 10 ; 10.0.19045 ; x86_64         ;
+-----------------+-------------------+------------+------------+----------------+


------------
; Flow Log ;
------------
quartus_syn --read_settings_files=on --write_settings_files=off bts_xcvr -c bts_xcvr
quartus_fit --read_settings_files=on --write_settings_files=off bts_xcvr -c bts_xcvr
quartus_sta bts_xcvr -c bts_xcvr --mode=finalize
quartus_asm --read_settings_files=on --write_settings_files=off bts_xcvr -c bts_xcvr



----------------
; Legal Notice ;
----------------
Copyright (C) 2024  Intel Corporation. All rights reserved.
Your use of Intel Corporation's design tools, logic functions 
and other software and tools, and any partner logic 
functions, and any output files from any of the foregoing 
(including device programming or simulation files), and any 
associated documentation or information are expressly subject 
to the terms and conditions of the Intel Program License 
Subscription Agreement, the Intel Quartus Prime License Agreement,
the Intel FPGA IP License Agreement, or other applicable license
agreement, including, without limitation, that your use is for
the sole purpose of programming logic devices manufactured by
Intel and sold by Intel or its authorized distributors.  Please
refer to the Intel FPGA Software License Subscription Agreements 
on the Quartus Prime software download page.



